Result of evaluation:  [  [ 19 , 22  ] ,  [ 43 , 50  ]  ]
