Result of evaluation: [[[1, 2, 3], [10, 20, 30], [100, 200, 300]], [[4, 5, 6], [40, 50, 60], [400,
                                                                        500,
                                                                        600]]]
